self-test: 15360 exact hit/miss checks; 30 layouts; collision, duplicate, full payload, build and independent batch oracles passed
empty clock pair ns: min=0 median=0 p75=0 max=1000
configuration: L1 P=8 capacity=512 load=0.500
completed: L1 P=8 load=0.500 hit
completed: L1 P=8 load=0.500 miss
completed: L1 P=8 load=0.500 mix
completed: L1 P=8 load=0.500 dependent
completed: L1 P=8 load=0.500 insert
configuration: L1 P=8 capacity=512 load=0.875
completed: L1 P=8 load=0.875 hit
completed: L1 P=8 load=0.875 miss
completed: L1 P=8 load=0.875 mix
completed: L1 P=8 load=0.875 dependent
completed: L1 P=8 load=0.875 insert
configuration: L1 P=32 capacity=512 load=0.500
completed: L1 P=32 load=0.500 hit
completed: L1 P=32 load=0.500 miss
completed: L1 P=32 load=0.500 mix
completed: L1 P=32 load=0.500 dependent
completed: L1 P=32 load=0.500 insert
configuration: L1 P=32 capacity=512 load=0.875
completed: L1 P=32 load=0.875 hit
completed: L1 P=32 load=0.875 miss
completed: L1 P=32 load=0.875 mix
completed: L1 P=32 load=0.875 dependent
completed: L1 P=32 load=0.875 insert
configuration: L1 P=128 capacity=128 load=0.500
completed: L1 P=128 load=0.500 hit
completed: L1 P=128 load=0.500 miss
completed: L1 P=128 load=0.500 mix
completed: L1 P=128 load=0.500 dependent
completed: L1 P=128 load=0.500 insert
configuration: L1 P=128 capacity=128 load=0.875
completed: L1 P=128 load=0.875 hit
completed: L1 P=128 load=0.875 miss
completed: L1 P=128 load=0.875 mix
completed: L1 P=128 load=0.875 dependent
completed: L1 P=128 load=0.875 insert
configuration: L2 P=8 capacity=16384 load=0.500
completed: L2 P=8 load=0.500 hit
completed: L2 P=8 load=0.500 miss
completed: L2 P=8 load=0.500 mix
completed: L2 P=8 load=0.500 dependent
completed: L2 P=8 load=0.500 insert
configuration: L2 P=8 capacity=16384 load=0.875
completed: L2 P=8 load=0.875 hit
completed: L2 P=8 load=0.875 miss
completed: L2 P=8 load=0.875 mix
completed: L2 P=8 load=0.875 dependent
completed: L2 P=8 load=0.875 insert
configuration: L2 P=32 capacity=16384 load=0.500
completed: L2 P=32 load=0.500 hit
completed: L2 P=32 load=0.500 miss
completed: L2 P=32 load=0.500 mix
completed: L2 P=32 load=0.500 dependent
completed: L2 P=32 load=0.500 insert
configuration: L2 P=32 capacity=16384 load=0.875
completed: L2 P=32 load=0.875 hit
completed: L2 P=32 load=0.875 miss
completed: L2 P=32 load=0.875 mix
completed: L2 P=32 load=0.875 dependent
completed: L2 P=32 load=0.875 insert
configuration: L2 P=128 capacity=4096 load=0.500
completed: L2 P=128 load=0.500 hit
completed: L2 P=128 load=0.500 miss
completed: L2 P=128 load=0.500 mix
completed: L2 P=128 load=0.500 dependent
completed: L2 P=128 load=0.500 insert
configuration: L2 P=128 capacity=4096 load=0.875
completed: L2 P=128 load=0.875 hit
completed: L2 P=128 load=0.875 miss
completed: L2 P=128 load=0.875 mix
completed: L2 P=128 load=0.875 dependent
completed: L2 P=128 load=0.875 insert
configuration: large P=8 capacity=8388608 load=0.500
completed: large P=8 load=0.500 hit
== START hash-slot-measure (limit 1800s): sh -c ./bench > raw.csv 2> run.log ==
== RUNNING hash-slot-measure: 30 s, child 92631, group 92631 ==
== RUNNING hash-slot-measure: 60 s, child 92631, group 92631 ==
== STOP hash-slot-measure: interrupted ==
== END hash-slot-measure: 78.17 s, exit 143 ==
